2026-08-10 16:11:51,100 - __main__ - INFO - Bot initializing with intents: members=True, message_content=True, reactions=True, guilds=True
2026-08-10 16:11:51,100 - discord.client - WARNING - PyNaCl is not installed, voice will NOT be supported
2026-08-10 16:11:51,100 - discord.client - WARNING - davey is not installed, voice will NOT be supported
2026-08-10 16:11:51,101 - utils.runners - INFO - Starting bot (attempt 1)...
2026-08-10 16:11:51,101 - discord.client - INFO - logging in using static token
2026-08-10 16:11:51,898 - __main__ - INFO - Running setup_hook...
2026-08-10 16:11:52,331 - utils.database - INFO - Synchronized 70 users into memory.
2026-08-10 16:11:52,403 - utils.database - INFO - Synchronized 27 hrs into memory.
2026-08-10 16:11:52,437 - utils.database - INFO - Synchronized 19 lrs into memory.
2026-08-10 16:11:52,437 - __main__ - INFO - DatabaseHandler initialised
2026-08-10 16:11:52,437 - __main__ - INFO - Rate limiters initialised
2026-08-10 16:11:52,437 - __main__ - INFO - DiscordAPI with rate limits initalised.
2026-08-10 16:11:52,452 - __main__ - INFO - Roblox Client initialised.
2026-08-10 16:11:52,453 - __main__ - INFO - Shared HTTP session initialised
2026-08-10 16:11:52,453 - __main__ - INFO - RankTracker initialised
2026-08-10 16:11:52,494 - utils.permissions - INFO - Loaded 5 out of 5 category permissions into cache.
2026-08-10 16:11:52,494 - __main__ - INFO - Permissions intialised
2026-08-10 16:11:52,500 - __main__ - INFO - Loaded cog: cogs.xp
2026-08-10 16:11:52,514 - __main__ - INFO - Loaded cog: cogs.welcome
2026-08-10 16:11:52,516 - __main__ - INFO - Loaded cog: cogs.moderation
2026-08-10 16:11:52,522 - __main__ - INFO - Loaded cog: cogs.reactions
2026-08-10 16:11:52,529 - __main__ - INFO - Loaded cog: cogs.admin
2026-08-10 16:11:53,046 - __main__ - INFO - Loaded cog: cogs.utility
2026-08-10 16:11:53,051 - __main__ - ERROR - Failed to load cog cogs.sc: Extension 'cogs.sc' raised an error: SyntaxError: invalid syntax (sc.py, line 299)
2026-08-10 16:11:53,055 - __main__ - INFO - Loaded cog: cogs.messages
2026-08-10 16:11:53,055 - __main__ - INFO - Setup hook completed!
2026-08-10 16:11:53,557 - discord.gateway - INFO - Shard ID None has connected to Gateway (Session ID: 5dec08148eb2e0857d5055476bf6d673).
2026-08-10 16:11:55,573 - __main__ - INFO - ==================================================
2026-08-10 16:11:55,573 - __main__ - INFO - Logged in as CRDB Rework#6321 (ID: 1481100375951020052)
2026-08-10 16:11:55,573 - __main__ - INFO - Connected to 1 guild(s)
2026-08-10 16:11:55,575 - cogs.reactions - WARNING - Default log channel 1224765477935386676 not found for guild: CRDB Test Area!
2026-08-10 16:11:55,677 - cogs.reactions - INFO - Cleaned up old processed reactions
2026-08-10 16:11:55,749 - cogs.messages - INFO - Cleaned up old Criminal Records, Stored Users & Requests
2026-08-10 16:11:55,878 - utils.views - ERROR - Failed to restore message 1535910359628517406: 'NoneType' object has no attribute 'fetch_message'
2026-08-10 16:11:56,079 - utils.views - ERROR - Failed to restore message 1530340274600149218: 'NoneType' object has no attribute 'fetch_message'
2026-08-10 16:11:56,281 - utils.views - ERROR - Failed to restore message 1533739463623184586: 'NoneType' object has no attribute 'fetch_message'
2026-08-10 16:11:57,805 - __main__ - INFO - Commands synced successfully
2026-08-10 16:11:57,925 - utils.database - INFO - Loaded 2 welcome messages into cache
2026-08-10 16:11:57,975 - __main__ - INFO - ==================================================
2026-08-10 16:13:52,710 - __main__ - INFO - Bot shut down by user
